// Vitest Snapshot v1, https://vitest.dev/guide/snapshot.html

exports[`Istilo Badge > Should props.count equals to 99 1`] = `"<span class=\\"i-badge\\">99</span>"`;

exports[`Istilo Badge > Should render correctly 1`] = `"<span class=\\"i-badge\\">0</span>"`;
